// Jest Snapshot v1, https://goo.gl/fbAQLP

exports[`traverseAST allTypes 1`] = `
Object {
  "children": Array [
    Object {
      "children": Array [
        Object {
          "type": "text",
          "value": "+++emphasis: ",
        },
        Object {
          "children": Array [
            Object {
              "type": "text",
              "value": "+++foo \\"",
            },
            Object {
              "children": Array [
                Object {
                  "type": "text",
                  "value": "+++bar",
                },
              ],
              "type": "emphasis",
            },
            Object {
              "type": "text",
              "value": "\\" foo",
            },
          ],
          "type": "strong",
        },
      ],
      "type": "paragraph",
    },
    Object {
      "children": Array [
        Object {
          "type": "text",
          "value": "+++autolink(extension): ",
        },
        Object {
          "children": Array [
            Object {
              "type": "text",
              "value": "+++http://example.com",
            },
          ],
          "type": "link",
          "url": "http://example.com",
        },
      ],
      "type": "paragraph",
    },
    Object {
      "children": Array [
        Object {
          "type": "text",
          "value": "+++autolink: ",
        },
        Object {
          "children": Array [
            Object {
              "type": "text",
              "value": "+++foo@bar.example.com",
            },
          ],
          "type": "link",
          "url": "mailto:foo@bar.example.com",
        },
      ],
      "type": "paragraph",
    },
    Object {
      "children": Array [
        Object {
          "type": "text",
          "value": "+++Setext headings",
        },
      ],
      "depth": 1,
      "type": "heading",
    },
    Object {
      "children": Array [
        Object {
          "type": "text",
          "value": "+++Task List Items (extension):",
        },
      ],
      "type": "paragraph",
    },
    Object {
      "children": Array [
        Object {
          "children": Array [
            Object {
              "type": "text",
              "value": "+++foo",
            },
            Object {
              "children": Array [
                Object {
                  "children": Array [
                    Object {
                      "type": "text",
                      "value": "+++bar",
                    },
                  ],
                  "status": "doing",
                  "type": "listItem",
                },
                Object {
                  "children": Array [
                    Object {
                      "type": "text",
                      "value": "+++baz",
                    },
                  ],
                  "status": "done",
                  "type": "listItem",
                },
              ],
              "marker": 45,
              "ordered": false,
              "spread": false,
              "type": "list",
            },
          ],
          "status": "done",
          "type": "listItem",
        },
        Object {
          "children": Array [
            Object {
              "type": "text",
              "value": "+++bim",
            },
          ],
          "status": "todo",
          "type": "listItem",
        },
      ],
      "marker": 45,
      "ordered": false,
      "spread": false,
      "type": "list",
    },
    Object {
      "children": Array [
        Object {
          "children": Array [
            Object {
              "type": "text",
              "value": "+++his is a blockquote",
            },
          ],
          "type": "paragraph",
        },
        Object {
          "children": Array [
            Object {
              "type": "text",
              "value": "+++with multiple lines.",
            },
          ],
          "type": "paragraph",
        },
      ],
      "type": "blockquote",
    },
    Object {
      "children": Array [
        Object {
          "type": "text",
          "value": "+++\`\`\`typescript
const a = 'a'
const b = 'b'
console.log('a + b:', a + b)
console.log('This is a typescript code snippets')
\`\`\`",
        },
      ],
      "type": "paragraph",
    },
    Object {
      "children": Array [
        Object {
          "type": "text",
          "value": "+++This is a math block:",
        },
      ],
      "type": "paragraph",
    },
    Object {
      "type": "math",
      "value": "\\\\\\\\lvert f(x)-A \\\\\\\\rvert = \\\\\\\\left\\\\\\\\lvert \\\\\\\\frac{x^2-1}{x-1}-2 \\\\\\\\right\\\\\\\\rvert = \\\\\\\\lvert x+1-2 \\\\\\\\rvert = \\\\\\\\lvert x-1 \\\\\\\\rvert  < \\\\\\\\epsilon",
    },
    Object {
      "children": Array [
        Object {
          "children": Array [
            Object {
              "children": Array [
                Object {
                  "type": "text",
                  "value": "+++将进酒",
                },
              ],
              "depth": 3,
              "type": "heading",
            },
            Object {
              "children": Array [
                Object {
                  "type": "text",
                  "value": "+++君不见黄河之水天上来，奔流到海不复回。
君不见高堂明镜悲白发，朝如青丝暮成雪。
人生得意须尽欢，莫使金樽空对月。
天生我材必有用，千金散尽还复来。
烹羊宰牛且为乐，会须一饮三百杯。
岑夫子，丹丘生，将进酒，杯莫停。
与君歌一曲，请君为我倾耳听。
钟鼓馔玉不足贵，但愿长醉不复醒。
古来圣贤皆寂寞，惟有饮者留其名。
陈王昔时宴平乐，斗酒十千恣欢谑。
主人何为言少钱，径须沽取对君酌。
五花马、千金裘，呼儿将出换美酒，与尔同销万古愁",
                },
              ],
              "type": "paragraph",
            },
          ],
          "type": "blockquote",
        },
      ],
      "keyword": "tip",
      "title": Array [],
      "type": "admonition",
    },
    Object {
      "type": "thematicBreak",
    },
    Object {
      "children": Array [
        Object {
          "type": "text",
          "value": "+++heading1",
        },
      ],
      "depth": 1,
      "type": "heading",
    },
    Object {
      "children": Array [
        Object {
          "type": "text",
          "value": "+++heading2",
        },
      ],
      "depth": 2,
      "type": "heading",
    },
    Object {
      "children": Array [
        Object {
          "type": "text",
          "value": "+++heading3",
        },
      ],
      "depth": 3,
      "type": "heading",
    },
    Object {
      "children": Array [
        Object {
          "type": "text",
          "value": "+++heading4",
        },
      ],
      "depth": 4,
      "type": "heading",
    },
    Object {
      "children": Array [
        Object {
          "type": "text",
          "value": "+++heading5",
        },
      ],
      "depth": 5,
      "type": "heading",
    },
    Object {
      "children": Array [
        Object {
          "type": "text",
          "value": "+++heading6",
        },
      ],
      "depth": 6,
      "type": "heading",
    },
    Object {
      "type": "thematicBreak",
    },
    Object {
      "children": Array [
        Object {
          "type": "text",
          "value": "+++This is a footnote ",
        },
        Object {
          "children": Array [
            Object {
              "type": "text",
              "value": "+++something....",
            },
          ],
          "type": "footnote",
        },
        Object {
          "type": "text",
          "value": ".",
        },
      ],
      "type": "paragraph",
    },
    Object {
      "children": Array [
        Object {
          "children": Array [
            Object {
              "type": "text",
              "value": "+++This is a footnote definition.",
            },
          ],
          "type": "paragraph",
        },
      ],
      "identifier": "foo-2",
      "label": "foo-2",
      "type": "footnoteDefinition",
    },
    Object {
      "children": Array [
        Object {
          "type": "text",
          "value": "+++This is a footnote reference ",
        },
        Object {
          "identifier": "foo-2",
          "label": "foo-2",
          "type": "footnoteReference",
        },
      ],
      "type": "paragraph",
    },
    Object {
      "type": "thematicBreak",
    },
    Object {
      "children": Array [
        Object {
          "type": "text",
          "value": "+++Definitions:",
        },
      ],
      "type": "paragraph",
    },
    Object {
      "identifier": "foo",
      "label": "foo",
      "title": "title",
      "type": "definition",
      "url": "/url",
    },
    Object {
      "identifier": "bar",
      "label": "bar",
      "title": "title2",
      "type": "definition",
      "url": "/bar",
    },
    Object {
      "identifier": "baz",
      "label": "baz",
      "type": "definition",
      "url": "/waw",
    },
    Object {
      "children": Array [
        Object {
          "children": Array [
            Object {
              "type": "text",
              "value": "+++foo",
            },
          ],
          "identifier": "bar",
          "label": "bar",
          "referenceType": "full",
          "type": "linkReference",
        },
        Object {
          "children": Array [
            Object {
              "type": "text",
              "value": "+++baz",
            },
          ],
          "identifier": "baz",
          "label": "baz",
          "referenceType": "shortcut",
          "type": "linkReference",
        },
        Object {
          "type": "text",
          "value": "
",
        },
        Object {
          "children": Array [
            Object {
              "type": "text",
              "value": "+++foo",
            },
          ],
          "identifier": "foo",
          "label": "foo",
          "referenceType": "shortcut",
          "type": "linkReference",
        },
        Object {
          "type": "text",
          "value": " ",
        },
        Object {
          "children": Array [
            Object {
              "type": "text",
              "value": "+++bar",
            },
          ],
          "identifier": "baz",
          "label": "baz",
          "referenceType": "full",
          "type": "linkReference",
        },
        Object {
          "type": "text",
          "value": "
",
        },
        Object {
          "children": Array [
            Object {
              "type": "text",
              "value": "+++foo",
            },
          ],
          "identifier": "foo",
          "label": "foo",
          "referenceType": "collapsed",
          "type": "linkReference",
        },
      ],
      "type": "paragraph",
    },
    Object {
      "children": Array [
        Object {
          "alt": "foo",
          "identifier": "foo",
          "label": "foo",
          "referenceType": "collapsed",
          "type": "imageReference",
        },
      ],
      "type": "paragraph",
    },
    Object {
      "children": Array [
        Object {
          "children": Array [
            Object {
              "type": "text",
              "value": "+++foo",
            },
          ],
          "type": "link",
          "url": "/url",
        },
        Object {
          "type": "text",
          "value": "
",
        },
        Object {
          "alt": "foo",
          "type": "image",
          "url": "/url.jpg",
        },
      ],
      "type": "paragraph",
    },
  ],
  "type": "root",
}
`;

exports[`traverseAST specific aimTypes 1`] = `
Object {
  "children": Array [
    Object {
      "children": Array [
        Object {
          "type": "text",
          "value": "+++emphasis: ",
        },
        Object {
          "children": Array [
            Object {
              "type": "text",
              "value": "+++foo \\"",
            },
            Object {
              "children": Array [
                Object {
                  "type": "text",
                  "value": "+++bar",
                },
              ],
              "type": "emphasis",
            },
            Object {
              "type": "text",
              "value": "\\" foo",
            },
          ],
          "type": "strong",
        },
      ],
      "type": "paragraph",
    },
    Object {
      "children": Array [
        Object {
          "type": "text",
          "value": "+++autolink(extension): ",
        },
        Object {
          "children": Array [
            Object {
              "type": "text",
              "value": "+++http://example.com",
            },
          ],
          "type": "link",
          "url": "http://example.com",
        },
      ],
      "type": "paragraph",
    },
    Object {
      "children": Array [
        Object {
          "type": "text",
          "value": "+++autolink: ",
        },
        Object {
          "children": Array [
            Object {
              "type": "text",
              "value": "+++foo@bar.example.com",
            },
          ],
          "type": "link",
          "url": "mailto:foo@bar.example.com",
        },
      ],
      "type": "paragraph",
    },
    Object {
      "children": Array [
        Object {
          "type": "text",
          "value": "+++Setext headings",
        },
      ],
      "depth": 1,
      "type": "heading",
    },
    Object {
      "children": Array [
        Object {
          "type": "text",
          "value": "+++Task List Items (extension):",
        },
      ],
      "type": "paragraph",
    },
    Object {
      "children": Array [
        Object {
          "children": Array [
            Object {
              "type": "text",
              "value": "+++foo",
            },
            Object {
              "children": Array [
                Object {
                  "children": Array [
                    Object {
                      "type": "text",
                      "value": "+++bar",
                    },
                  ],
                  "status": "doing",
                  "type": "listItem",
                },
                Object {
                  "children": Array [
                    Object {
                      "type": "text",
                      "value": "+++baz",
                    },
                  ],
                  "status": "done",
                  "type": "listItem",
                },
              ],
              "marker": 45,
              "ordered": false,
              "spread": false,
              "type": "list",
            },
          ],
          "status": "done",
          "type": "listItem",
        },
        Object {
          "children": Array [
            Object {
              "type": "text",
              "value": "+++bim",
            },
          ],
          "status": "todo",
          "type": "listItem",
        },
      ],
      "marker": 45,
      "ordered": false,
      "spread": false,
      "type": "list",
    },
    Object {
      "children": Array [
        Object {
          "children": Array [
            Object {
              "type": "text",
              "value": "+++his is a blockquote",
            },
          ],
          "type": "paragraph",
        },
        Object {
          "children": Array [
            Object {
              "type": "text",
              "value": "+++with multiple lines.",
            },
          ],
          "type": "paragraph",
        },
      ],
      "type": "blockquote",
    },
    Object {
      "children": Array [
        Object {
          "type": "text",
          "value": "+++\`\`\`typescript
const a = 'a'
const b = 'b'
console.log('a + b:', a + b)
console.log('This is a typescript code snippets')
\`\`\`",
        },
      ],
      "type": "paragraph",
    },
    Object {
      "children": Array [
        Object {
          "type": "text",
          "value": "+++This is a math block:",
        },
      ],
      "type": "paragraph",
    },
    Object {
      "type": "math",
      "value": "\\\\\\\\lvert f(x)-A \\\\\\\\rvert = \\\\\\\\left\\\\\\\\lvert \\\\\\\\frac{x^2-1}{x-1}-2 \\\\\\\\right\\\\\\\\rvert = \\\\\\\\lvert x+1-2 \\\\\\\\rvert = \\\\\\\\lvert x-1 \\\\\\\\rvert  < \\\\\\\\epsilon",
    },
    Object {
      "children": Array [
        Object {
          "children": Array [
            Object {
              "children": Array [
                Object {
                  "type": "text",
                  "value": "+++将进酒",
                },
              ],
              "depth": 3,
              "type": "heading",
            },
            Object {
              "children": Array [
                Object {
                  "type": "text",
                  "value": "+++君不见黄河之水天上来，奔流到海不复回。
君不见高堂明镜悲白发，朝如青丝暮成雪。
人生得意须尽欢，莫使金樽空对月。
天生我材必有用，千金散尽还复来。
烹羊宰牛且为乐，会须一饮三百杯。
岑夫子，丹丘生，将进酒，杯莫停。
与君歌一曲，请君为我倾耳听。
钟鼓馔玉不足贵，但愿长醉不复醒。
古来圣贤皆寂寞，惟有饮者留其名。
陈王昔时宴平乐，斗酒十千恣欢谑。
主人何为言少钱，径须沽取对君酌。
五花马、千金裘，呼儿将出换美酒，与尔同销万古愁",
                },
              ],
              "type": "paragraph",
            },
          ],
          "type": "blockquote",
        },
      ],
      "keyword": "tip",
      "title": Array [],
      "type": "admonition",
    },
    Object {
      "type": "thematicBreak",
    },
    Object {
      "children": Array [
        Object {
          "type": "text",
          "value": "+++heading1",
        },
      ],
      "depth": 1,
      "type": "heading",
    },
    Object {
      "children": Array [
        Object {
          "type": "text",
          "value": "+++heading2",
        },
      ],
      "depth": 2,
      "type": "heading",
    },
    Object {
      "children": Array [
        Object {
          "type": "text",
          "value": "+++heading3",
        },
      ],
      "depth": 3,
      "type": "heading",
    },
    Object {
      "children": Array [
        Object {
          "type": "text",
          "value": "+++heading4",
        },
      ],
      "depth": 4,
      "type": "heading",
    },
    Object {
      "children": Array [
        Object {
          "type": "text",
          "value": "+++heading5",
        },
      ],
      "depth": 5,
      "type": "heading",
    },
    Object {
      "children": Array [
        Object {
          "type": "text",
          "value": "+++heading6",
        },
      ],
      "depth": 6,
      "type": "heading",
    },
    Object {
      "type": "thematicBreak",
    },
    Object {
      "children": Array [
        Object {
          "type": "text",
          "value": "+++This is a footnote ",
        },
        Object {
          "children": Array [
            Object {
              "type": "text",
              "value": "+++something....",
            },
          ],
          "type": "footnote",
        },
        Object {
          "type": "text",
          "value": ".",
        },
      ],
      "type": "paragraph",
    },
    Object {
      "children": Array [
        Object {
          "children": Array [
            Object {
              "type": "text",
              "value": "+++This is a footnote definition.",
            },
          ],
          "type": "paragraph",
        },
      ],
      "identifier": "foo-2",
      "label": "foo-2",
      "type": "footnoteDefinition",
    },
    Object {
      "children": Array [
        Object {
          "type": "text",
          "value": "+++This is a footnote reference ",
        },
        Object {
          "identifier": "foo-2",
          "label": "foo-2",
          "type": "footnoteReference",
        },
      ],
      "type": "paragraph",
    },
    Object {
      "type": "thematicBreak",
    },
    Object {
      "children": Array [
        Object {
          "type": "text",
          "value": "+++Definitions:",
        },
      ],
      "type": "paragraph",
    },
    Object {
      "identifier": "foo",
      "label": "foo",
      "title": "title",
      "type": "definition",
      "url": "/url",
    },
    Object {
      "identifier": "bar",
      "label": "bar",
      "title": "title2",
      "type": "definition",
      "url": "/bar",
    },
    Object {
      "identifier": "baz",
      "label": "baz",
      "type": "definition",
      "url": "/waw",
    },
    Object {
      "children": Array [
        Object {
          "children": Array [
            Object {
              "type": "text",
              "value": "+++foo",
            },
          ],
          "identifier": "bar",
          "label": "bar",
          "referenceType": "full",
          "type": "linkReference",
        },
        Object {
          "children": Array [
            Object {
              "type": "text",
              "value": "+++baz",
            },
          ],
          "identifier": "baz",
          "label": "baz",
          "referenceType": "shortcut",
          "type": "linkReference",
        },
        Object {
          "type": "text",
          "value": "
",
        },
        Object {
          "children": Array [
            Object {
              "type": "text",
              "value": "+++foo",
            },
          ],
          "identifier": "foo",
          "label": "foo",
          "referenceType": "shortcut",
          "type": "linkReference",
        },
        Object {
          "type": "text",
          "value": " ",
        },
        Object {
          "children": Array [
            Object {
              "type": "text",
              "value": "+++bar",
            },
          ],
          "identifier": "baz",
          "label": "baz",
          "referenceType": "full",
          "type": "linkReference",
        },
        Object {
          "type": "text",
          "value": "
",
        },
        Object {
          "children": Array [
            Object {
              "type": "text",
              "value": "+++foo",
            },
          ],
          "identifier": "foo",
          "label": "foo",
          "referenceType": "collapsed",
          "type": "linkReference",
        },
      ],
      "type": "paragraph",
    },
    Object {
      "children": Array [
        Object {
          "alt": "foo",
          "identifier": "foo",
          "label": "foo",
          "referenceType": "collapsed",
          "type": "imageReference",
        },
      ],
      "type": "paragraph",
    },
    Object {
      "children": Array [
        Object {
          "children": Array [
            Object {
              "type": "text",
              "value": "+++foo",
            },
          ],
          "type": "link",
          "url": "/url",
        },
        Object {
          "type": "text",
          "value": "
",
        },
        Object {
          "alt": "foo",
          "type": "image",
          "url": "/url.jpg",
        },
      ],
      "type": "paragraph",
    },
  ],
  "type": "root",
}
`;
